// Jest Snapshot v1, https://goo.gl/fbAQLP

exports[`Input input exist 1`] = `
Array [
  "",
  <input
    className="roue-input"
    disabled={false}
    type="text"
  />,
  "",
]
`;
