// Jest Snapshot v1, https://goo.gl/fbAQLP

exports[`Affix affix exist 1`] = `
<div
  className="roue-affix"
/>
`;
