// Jest Snapshot v1, https://goo.gl/fbAQLP

exports[`Label label exist 1`] = `
<div
  className="roue-label"
/>
`;
